// Jest Snapshot v1, https://goo.gl/fbAQLP

exports[`useMediaQuery it should change when window width changes 1`] = `
<DocumentFragment>
  <span />
</DocumentFragment>
`;

exports[`useMediaQuery renders 1`] = `
<DocumentFragment>
  <span />
</DocumentFragment>
`;
